../Core/Src/main.c:67:6:delai_10us	16	static
../Core/Src/main.c:83:6:TRIGGER_telemetre	8	static
../Core/Src/main.c:90:6:HAL_TIM_IC_CaptureCallback	16	static
../Core/Src/main.c:134:5:main	8	static
../Core/Src/main.c:185:6:SystemClock_Config	88	static
../Core/Src/main.c:232:13:MX_TIM1_Init	48	static
../Core/Src/main.c:291:13:MX_USART1_UART_Init	8	static
../Core/Src/main.c:324:13:MX_USART6_UART_Init	8	static
../Core/Src/main.c:357:13:MX_GPIO_Init	48	static
../Core/Src/main.c:409:6:HAL_UART_RxCpltCallback	136	static
../Core/Src/main.c:453:6:Error_Handler	4	static,ignoring_inline_asm
