../Core/Src/main.c:69:6:delai_10us	16	static
../Core/Src/main.c:83:6:HAL_TIM_IC_CaptureCallback	24	static
../Core/Src/main.c:116:6:TRIGGER_telemetre	8	static
../Core/Src/main.c:129:5:main	8	static
../Core/Src/main.c:176:6:SystemClock_Config	88	static
../Core/Src/main.c:223:13:MX_TIM1_Init	48	static
../Core/Src/main.c:282:13:MX_USART1_UART_Init	8	static
../Core/Src/main.c:315:13:MX_USART6_UART_Init	8	static
../Core/Src/main.c:348:13:MX_GPIO_Init	48	static
../Core/Src/main.c:395:6:HAL_UART_RxCpltCallback	16	static
../Core/Src/main.c:435:6:Error_Handler	4	static,ignoring_inline_asm
